[backblue.gif]
[fade.gif]
[index.html]
[d38r36tibovzs2.cloudfront.net/games/roona/20220524ZFCK/og_img/og_img.jpg]
[cdn.polyfill.io/v2/polyfill.min.js]
[code.jquery.com/jquery-3.6.0.min.js]
[d38r36tibovzs2.cloudfront.net/games/roona/20220524ZFCK/web/js/infiniteslidev2.js]
[d38r36tibovzs2.cloudfront.net/games/roona/20220524ZFCK/web/js/common7114.js]
[ragnarok-origin.com/js/cookie1b0a.js]
[cdnjs.cloudflare.com/ajax/libs/babel-core/5.8.34/browser.js]
[ragnarok-origin.com/js/jquery-eu-cookie-law-popup1b0a.js]
[connect.facebook.net/en_US/fbevents.js]
[api.valista.io/js/valista_scriptc619.js]
[dynamic.criteo.com/js/ld/lddc17.js]
[s3.ap-northeast-2.amazonaws.com/vegas-kor-o/sdk/web/sha1.js]
[s3.ap-northeast-2.amazonaws.com/vegas-kor-o/sdk/web/vegastracker.min.js]
[api3.tnkfactory.com/tnk/js/tnk-webapi-cpatrack.1.4.js]
[scr.nsmartad.com/nswitch/npr_track/npr_track.js]
[d38r36tibovzs2.cloudfront.net/games/roona/20220524ZFCK/web/images/nav_wrap.png]
[d38r36tibovzs2.cloudfront.net/games/roona/20220524ZFCK/web/images/btn_close.png]
[d38r36tibovzs2.cloudfront.net/games/roona/20220524ZFCK/web/images/img_blank.gif]
[d38r36tibovzs2.cloudfront.net/games/roona/20220524ZFCK/web/images/storeButton0.png]
[d38r36tibovzs2.cloudfront.net/games/roona/20220524ZFCK/web/images/storeButton1.png]
[d38r36tibovzs2.cloudfront.net/games/roona/20220524ZFCK/web/images/img_scroll.png]
[d38r36tibovzs2.cloudfront.net/games/roona/20220524ZFCK/web/images/txt_scroll.png]
[d38r36tibovzs2.cloudfront.net/games/roona/20220524ZFCK/web/images/img_mainTxtWhite_220209.png]
[d38r36tibovzs2.cloudfront.net/games/roona/20220524ZFCK/web/js/rainScript.js]
[d38r36tibovzs2.cloudfront.net/games/roona/20220524ZFCK/web/images/ver5/leaves1.png]
[d38r36tibovzs2.cloudfront.net/games/roona/20220524ZFCK/web/images/ver5/leaves2.png]
[d38r36tibovzs2.cloudfront.net/games/roona/20220524ZFCK/web/images/ver5/leaves3.png]
[d38r36tibovzs2.cloudfront.net/games/roona/20220524ZFCK/web/images/ver5/leaves4.png]
[d38r36tibovzs2.cloudfront.net/games/roona/20220524ZFCK/web/images/ver5/leaves5.png]
[d38r36tibovzs2.cloudfront.net/games/roona/20220524ZFCK/web/images/img_evening_play.png]
[d38r36tibovzs2.cloudfront.net/games/roona/20220524ZFCK/web/images/gameIntro/img_fireworksBack.png]
[d38r36tibovzs2.cloudfront.net/games/roona/20220524ZFCK/web/images/crusader/ingles-ipad-1_220627.jpg]
[d38r36tibovzs2.cloudfront.net/games/roona/20220524ZFCK/web/images/crusader/ingles-ipad-2_220627.jpg]
[d38r36tibovzs2.cloudfront.net/games/roona/20220524ZFCK/web/images/crusader/ingles-ipad-3_220627.jpg]
[d38r36tibovzs2.cloudfront.net/games/roona/20220524ZFCK/web/images/crusader/ingles-ipad-4_220627.jpg]
[d38r36tibovzs2.cloudfront.net/games/roona/20220524ZFCK/web/images/crusader/ingles-ipad-5_220627.jpg]
[d38r36tibovzs2.cloudfront.net/games/roona/20220524ZFCK/web/images/crusader/ingles-ipad-6_220627.jpg]
[d38r36tibovzs2.cloudfront.net/games/roona/20220524ZFCK/web/images/crusader/ingles-ipad-7_220627.jpg]
[d38r36tibovzs2.cloudfront.net/games/roona/20220524ZFCK/web/images/btn_top.png]
[d38r36tibovzs2.cloudfront.net/games/roona/20220524ZFCK/web/images/footerLogo.png]
[d38r36tibovzs2.cloudfront.net/games/roona/20220524ZFCK/web/js/fireworks.js]
[d38r36tibovzs2.cloudfront.net/games/roona/20220524ZFCK/web/js/twinkleStars.js]
[ragnarok-origin.com/js/lodingdf6a.js]
[d38r36tibovzs2.cloudfront.net/games/roona/20220524ZFCK/web/js/scrollspy.js]
[d38r36tibovzs2.cloudfront.net/games/roona/20220524ZFCK/web/js/p5.min.js]
[d38r36tibovzs2.cloudfront.net/games/roona/20220524ZFCK/web/js/swiper.js]
[ragnarok-origin.com/index.html]
[d38r36tibovzs2.cloudfront.net/games/roona/20220524ZFCK/web/images/img_menuLogo0.png]
[d38r36tibovzs2.cloudfront.net/games/roona/20220524ZFCK/web/images/img_menuLogo.png]
[d38r36tibovzs2.cloudfront.net/games/roona/20220524ZFCK/web/images/img_menuLogo1.png]
[d38r36tibovzs2.cloudfront.net/games/roona/20220524ZFCK/web/images/img_menuLogo2.png]
[d38r36tibovzs2.cloudfront.net/games/roona/20220524ZFCK/web/images/btn_menuButton.png]
[d38r36tibovzs2.cloudfront.net/games/roona/20220524ZFCK/web/images/btn_menuButton_brown.png]
[d38r36tibovzs2.cloudfront.net/games/roona/20220524ZFCK/web/images/btn_soundOn_off.png]
[d38r36tibovzs2.cloudfront.net/games/roona/20220524ZFCK/web/images/btn_soundOff_off.png]
[d38r36tibovzs2.cloudfront.net/games/roona/20220524ZFCK/web/images/btn_soundOn_brown_off.png]
[d38r36tibovzs2.cloudfront.net/games/roona/20220524ZFCK/web/images/btn_soundOff_brown_off.png]
[d38r36tibovzs2.cloudfront.net/games/roona/20220524ZFCK/web/images/nav_menu_off_220510.png]
[d38r36tibovzs2.cloudfront.net/games/roona/20220524ZFCK/web/images/nav_menu_on_220510.png]
[d38r36tibovzs2.cloudfront.net/games/roona/20220524ZFCK/web/images/img_psyFace_220523.png]
[d38r36tibovzs2.cloudfront.net/games/roona/20220524ZFCK/web/images/img_psy.png]
[d38r36tibovzs2.cloudfront.net/games/roona/20220524ZFCK/web/images/img_psy2-220509.png]
[d38r36tibovzs2.cloudfront.net/games/roona/20220524ZFCK/web/images/img_psy3.png]
[d38r36tibovzs2.cloudfront.net/games/roona/20220524ZFCK/web/images/img_psy4.png]
[d38r36tibovzs2.cloudfront.net/games/roona/20220524ZFCK/web/images/img_psy2.png]
[d38r36tibovzs2.cloudfront.net/games/roona/20220524ZFCK/web/images/img_poring.png]
[d38r36tibovzs2.cloudfront.net/games/roona/20220524ZFCK/web/images/sns_floating_banner_220328.png]
[d38r36tibovzs2.cloudfront.net/games/roona/20220524ZFCK/web/images/btn_play.png]
[d38r36tibovzs2.cloudfront.net/games/roona/20220524ZFCK/web/images/bg_mainMorning.jpg]
[d38r36tibovzs2.cloudfront.net/games/roona/20220524ZFCK/web/images/bg_mainAfternoon.jpg]
[d38r36tibovzs2.cloudfront.net/games/roona/20220524ZFCK/web/images/bg_mainEvening.jpg]
[d38r36tibovzs2.cloudfront.net/games/roona/20220524ZFCK/web/images/img_morning_off.png]
[d38r36tibovzs2.cloudfront.net/games/roona/20220524ZFCK/web/images/img_afternoon_off.png]
[d38r36tibovzs2.cloudfront.net/games/roona/20220524ZFCK/web/images/img_evening_off.png]
[d38r36tibovzs2.cloudfront.net/games/roona/20220524ZFCK/web/images/img_morning.png]
[d38r36tibovzs2.cloudfront.net/games/roona/20220524ZFCK/web/images/img_afternoon.png]
[d38r36tibovzs2.cloudfront.net/games/roona/20220524ZFCK/web/images/img_evening.png]
[d38r36tibovzs2.cloudfront.net/games/roona/20220524ZFCK/web/images/btn_cityChange_off.png]
[d38r36tibovzs2.cloudfront.net/games/roona/20220524ZFCK/web/images/btn_cityChange_on.png]
[d38r36tibovzs2.cloudfront.net/games/roona/20220524ZFCK/web/images/crusader/bg_crusader.jpg]
[d38r36tibovzs2.cloudfront.net/games/roona/20220524ZFCK/web/images/crusader/tit-become.png]
[d38r36tibovzs2.cloudfront.net/games/roona/20220524ZFCK/web/images/crusader/char-crusader.png]
[d38r36tibovzs2.cloudfront.net/games/roona/20220524ZFCK/web/images/crusader/imgSton1.png]
[d38r36tibovzs2.cloudfront.net/games/roona/20220524ZFCK/web/images/crusader/imgSton2.png]
[d38r36tibovzs2.cloudfront.net/games/roona/20220524ZFCK/web/images/crusader/imgSton3.png]
[d38r36tibovzs2.cloudfront.net/games/roona/20220524ZFCK/web/images/crusader/imgSton4.png]
[d38r36tibovzs2.cloudfront.net/games/roona/20220524ZFCK/web/images/crusader/imgSton5.png]
[d38r36tibovzs2.cloudfront.net/games/roona/20220524ZFCK/web/images/alchemist/bg_alchemist.jpg]
[d38r36tibovzs2.cloudfront.net/games/roona/20220524ZFCK/web/images/bg_psy8b10.jpg]
[d38r36tibovzs2.cloudfront.net/games/roona/20220524ZFCK/web/images/crusader/bg_screenshot_220627.jpg]
[d38r36tibovzs2.cloudfront.net/games/roona/20220524ZFCK/web/images/reservation/bg_reward_0806.jpg]
[d38r36tibovzs2.cloudfront.net/games/roona/20220524ZFCK/web/images/reservation/img_reward1_off.png]
[d38r36tibovzs2.cloudfront.net/games/roona/20220524ZFCK/web/images/reservation/img_reward2_off.png]
[d38r36tibovzs2.cloudfront.net/games/roona/20220524ZFCK/web/images/reservation/img_reward3_off.png]
[d38r36tibovzs2.cloudfront.net/games/roona/20220524ZFCK/web/images/reservation/img_reward4_off.png]
[d38r36tibovzs2.cloudfront.net/games/roona/20220524ZFCK/web/images/reservation/img_reward5_off.png]
[d38r36tibovzs2.cloudfront.net/games/roona/20220524ZFCK/web/images/reservation/img_reward1_on.png]
[d38r36tibovzs2.cloudfront.net/games/roona/20220524ZFCK/web/images/reservation/img_reward2_on.png]
[d38r36tibovzs2.cloudfront.net/games/roona/20220524ZFCK/web/images/reservation/img_reward3_on.png]
[d38r36tibovzs2.cloudfront.net/games/roona/20220524ZFCK/web/images/reservation/img_reward4_on.png]
[d38r36tibovzs2.cloudfront.net/games/roona/20220524ZFCK/web/images/reservation/img_reward5_on.png]
[d38r36tibovzs2.cloudfront.net/games/roona/20220524ZFCK/web/images/reservation/btn_reward1_off.png]
[d38r36tibovzs2.cloudfront.net/games/roona/20220524ZFCK/web/images/reservation/btn_reward2_off.png]
[d38r36tibovzs2.cloudfront.net/games/roona/20220524ZFCK/web/images/reservation/btn_reward3_off.png]
[d38r36tibovzs2.cloudfront.net/games/roona/20220524ZFCK/web/images/reservation/btn_reward4_off.png]
[d38r36tibovzs2.cloudfront.net/games/roona/20220524ZFCK/web/images/reservation/btn_reward5_off.png]
[d38r36tibovzs2.cloudfront.net/games/roona/20220524ZFCK/web/images/reservation/btn_reward1_on.png]
[d38r36tibovzs2.cloudfront.net/games/roona/20220524ZFCK/web/images/reservation/btn_reward2_on.png]
[d38r36tibovzs2.cloudfront.net/games/roona/20220524ZFCK/web/images/reservation/btn_reward3_on.png]
[d38r36tibovzs2.cloudfront.net/games/roona/20220524ZFCK/web/images/reservation/btn_reward4_on.png]
[d38r36tibovzs2.cloudfront.net/games/roona/20220524ZFCK/web/images/reservation/btn_reward5_on.png]
[d38r36tibovzs2.cloudfront.net/games/roona/20220524ZFCK/web/images/reservation/googleplay.png]
[d38r36tibovzs2.cloudfront.net/games/roona/20220524ZFCK/web/images/reservation/appstore.png]
[d38r36tibovzs2.cloudfront.net/games/roona/20220524ZFCK/web/images/reservation/img_bar.png]
[d38r36tibovzs2.cloudfront.net/games/roona/20220524ZFCK/web/images/btn_footerOpen.png]
[d38r36tibovzs2.cloudfront.net/games/roona/20220524ZFCK/web/images/movie_wrap.png]
[d38r36tibovzs2.cloudfront.net/games/roona/20220524ZFCK/web/images/fog1.png]
[d38r36tibovzs2.cloudfront.net/games/roona/20220524ZFCK/web/images/fog2.png]
[d38r36tibovzs2.cloudfront.net/games/roona/20220524ZFCK/web/images/even_leftWin0.png]
[d38r36tibovzs2.cloudfront.net/games/roona/20220524ZFCK/web/images/even_leftWin1.png]
[d38r36tibovzs2.cloudfront.net/games/roona/20220524ZFCK/web/images/even_leftWin2.png]
[d38r36tibovzs2.cloudfront.net/games/roona/20220524ZFCK/web/images/even_leftWin3.png]
[d38r36tibovzs2.cloudfront.net/games/roona/20220524ZFCK/web/images/even_leftWin4.png]
[d38r36tibovzs2.cloudfront.net/games/roona/20220524ZFCK/web/images/img_light0.png]
[d38r36tibovzs2.cloudfront.net/games/roona/20220524ZFCK/web/images/img_light1.png]
[d38r36tibovzs2.cloudfront.net/games/roona/20220524ZFCK/web/images/img_light2.png]
[d38r36tibovzs2.cloudfront.net/games/roona/20220524ZFCK/web/images/even_leftWin5.png]
[d38r36tibovzs2.cloudfront.net/games/roona/20220524ZFCK/web/images/even_leftWin6.png]
[d38r36tibovzs2.cloudfront.net/games/roona/20220524ZFCK/web/images/img_light3.png]
[d38r36tibovzs2.cloudfront.net/games/roona/20220524ZFCK/web/images/even_rightWin0.png]
[d38r36tibovzs2.cloudfront.net/games/roona/20220524ZFCK/web/images/even_rightWin1.png]
[d38r36tibovzs2.cloudfront.net/games/roona/20220524ZFCK/web/images/even_rightWin2.png]
[d38r36tibovzs2.cloudfront.net/games/roona/20220524ZFCK/web/images/lemp_light0.png]
[d38r36tibovzs2.cloudfront.net/games/roona/20220524ZFCK/web/images/img_light5.png]
[d38r36tibovzs2.cloudfront.net/games/roona/20220524ZFCK/web/images/img_light6.png]
[d38r36tibovzs2.cloudfront.net/games/roona/20220524ZFCK/web/images/img_lemp0.png]
[d38r36tibovzs2.cloudfront.net/games/roona/20220524ZFCK/web/images/img_lemp1.png]
[d38r36tibovzs2.cloudfront.net/games/roona/20220524ZFCK/web/images/img_lemp2.png]
[d38r36tibovzs2.cloudfront.net/games/roona/20220524ZFCK/web/images/ver2/light_img1.png]
[d38r36tibovzs2.cloudfront.net/games/roona/20220524ZFCK/web/images/ver2/light_img2.png]
[d38r36tibovzs2.cloudfront.net/games/roona/20220524ZFCK/web/images/ver2/light_img3.png]
[d38r36tibovzs2.cloudfront.net/games/roona/20220524ZFCK/web/images/crusader/btn_prev.png]
[d38r36tibovzs2.cloudfront.net/games/roona/20220524ZFCK/web/images/crusader/btn_next.png]
[d38r36tibovzs2.cloudfront.net/games/roona/20220524ZFCK/web/images/crusader/slideFramework.png]
[d38r36tibovzs2.cloudfront.net/games/roona/20220524ZFCK/web/css/common6e83.css]
[ragnarok-origin.com/css/jquery-eu-cookie-law-popup1b0a.css]
[www.googletagmanager.com/gtm5445.html]
[connect.facebook.net/en_US/fbevents.js]
[ragnarok-origin.com/News/Recent.html]
[ragnarok-origin.com/GameIntro/WorldView.html]
[d38r36tibovzs2.cloudfront.net/games/roona/20220524ZFCK/web/images/gameIntro/particles.png]
[d38r36tibovzs2.cloudfront.net/games/roona/20220524ZFCK/web/js/gameIntro.js]
[d38r36tibovzs2.cloudfront.net/games/roona/20220524ZFCK/web/js/particles.js]
[ragnarok-origin.com/GameIntro/Jobs.html]
[d38r36tibovzs2.cloudfront.net/games/roona/20220524ZFCK/web/images/ver4/leaves1.png]
[d38r36tibovzs2.cloudfront.net/games/roona/20220524ZFCK/web/images/ver4/leaves2.png]
[d38r36tibovzs2.cloudfront.net/games/roona/20220524ZFCK/web/images/ver4/leaves3.png]
[ragnarok-origin.com/GameIntro/AreaAldebaran.html]
[ragnarok-origin.com/GameIntro/GameGuide.html]
[d38r36tibovzs2.cloudfront.net/games/roona/20220524ZFCK/web/images/gameIntro/img_faq1.jpg]
[d38r36tibovzs2.cloudfront.net/games/roona/20220524ZFCK/web/images/gameIntro/img_faq2.jpg]
[ragnarok-origin.com/Support/Faq.html]
[d38r36tibovzs2.cloudfront.net/games/roona/20220524ZFCK/web/images/ver5/bg_mainMorning.jpg]
[d38r36tibovzs2.cloudfront.net/games/roona/20220524ZFCK/web/images/ver5/water_01_morning.png]
[d38r36tibovzs2.cloudfront.net/games/roona/20220524ZFCK/web/images/ver5/img_waterUnder_morning.png]
[d38r36tibovzs2.cloudfront.net/games/roona/20220524ZFCK/web/images/ver5/bg_mainAfternoon.jpg]
[d38r36tibovzs2.cloudfront.net/games/roona/20220524ZFCK/web/images/ver5/water_02_afternoon.png]
[d38r36tibovzs2.cloudfront.net/games/roona/20220524ZFCK/web/images/ver5/img_waterUnder_afternoon.png]
[d38r36tibovzs2.cloudfront.net/games/roona/20220524ZFCK/web/images/ver5/bg_mainEvening.jpg]
[d38r36tibovzs2.cloudfront.net/games/roona/20220524ZFCK/web/images/ver5/water_03_evening.png]
[d38r36tibovzs2.cloudfront.net/games/roona/20220524ZFCK/web/images/ver5/img_waterUnder_evening.png]
[d38r36tibovzs2.cloudfront.net/games/roona/20220524ZFCK/web/images/ver5/img_windmill.png]
[d38r36tibovzs2.cloudfront.net/games/roona/20220524ZFCK/web/images/ver5/img_water.png]
[d38r36tibovzs2.cloudfront.net/games/roona/20220524ZFCK/web/images/ver5/img_waterUnder.png]
[d38r36tibovzs2.cloudfront.net/games/roona/20220524ZFCK/web/images/ver5/img_water_night.png]
[d38r36tibovzs2.cloudfront.net/games/roona/20220524ZFCK/web/images/ver5/img_duck.png]
[d38r36tibovzs2.cloudfront.net/games/roona/20220524ZFCK/web/images/ver5/img_clock.png]
[d38r36tibovzs2.cloudfront.net/games/roona/20220524ZFCK/web/images/ver5/img_clock_night.png]
[d38r36tibovzs2.cloudfront.net/games/roona/20220524ZFCK/web/images/ver5/even_leftWin0.png]
[d38r36tibovzs2.cloudfront.net/games/roona/20220524ZFCK/web/images/ver5/even_leftWin1.png]
[d38r36tibovzs2.cloudfront.net/games/roona/20220524ZFCK/web/images/ver5/even_leftWin2.png]
[d38r36tibovzs2.cloudfront.net/games/roona/20220524ZFCK/web/images/ver5/even_leftWin3.png]
[d38r36tibovzs2.cloudfront.net/games/roona/20220524ZFCK/web/images/ver5/even_leftWin3_1.png]
[d38r36tibovzs2.cloudfront.net/games/roona/20220524ZFCK/web/images/ver5/even_leftWin4.png]
[d38r36tibovzs2.cloudfront.net/games/roona/20220524ZFCK/web/images/ver5/even_leftWin5.png]
[d38r36tibovzs2.cloudfront.net/games/roona/20220524ZFCK/web/images/ver5/even_leftWin6.png]
[d38r36tibovzs2.cloudfront.net/games/roona/20220524ZFCK/web/images/ver5/even_leftWin7.png]
[d38r36tibovzs2.cloudfront.net/games/roona/20220524ZFCK/web/images/ver5/even_leftWin8.png]
[d38r36tibovzs2.cloudfront.net/games/roona/20220524ZFCK/web/images/ver5/img_light0.png]
[d38r36tibovzs2.cloudfront.net/games/roona/20220524ZFCK/web/images/ver5/img_light1.png]
[d38r36tibovzs2.cloudfront.net/games/roona/20220524ZFCK/web/images/ver5/img_light2.png]
[d38r36tibovzs2.cloudfront.net/games/roona/20220524ZFCK/web/images/ver5/img_light7.png]
[d38r36tibovzs2.cloudfront.net/games/roona/20220524ZFCK/web/images/ver5/img_light6.png]
[d38r36tibovzs2.cloudfront.net/games/roona/20220524ZFCK/web/images/ver5/img_beachLight1.png]
[d38r36tibovzs2.cloudfront.net/games/roona/20220524ZFCK/web/images/ver5/img_beachLight2.png]
[d38r36tibovzs2.cloudfront.net/games/roona/20220524ZFCK/web/images/ver5/img_beachLight3.png]
[d38r36tibovzs2.cloudfront.net/games/roona/20220524ZFCK/web/images/ver5/img_beachLight4.png]
[d38r36tibovzs2.cloudfront.net/games/roona/20220524ZFCK/web/images/ver5/img_beachLight5.png]
[d38r36tibovzs2.cloudfront.net/games/roona/20220524ZFCK/web/images/ver5/img_beachLight6.png]
[d38r36tibovzs2.cloudfront.net/games/roona/20220524ZFCK/web/images/ver5/img_beachLight7.png]
[d38r36tibovzs2.cloudfront.net/games/roona/20220524ZFCK/web/images/ver5/img_ship.png]
[d38r36tibovzs2.cloudfront.net/games/roona/20220524ZFCK/web/images/ver5/img_moon.png]
[d38r36tibovzs2.cloudfront.net/games/roona/20220524ZFCK/web/images/ver5/img_moon_under.png]
[raw.githubusercontent.com/SochavaAG/example-mycode/master/pens/sparks/images/lightning-1.png]
[raw.githubusercontent.com/SochavaAG/example-mycode/master/pens/sparks/images/lightning-2.png]
[d38r36tibovzs2.cloudfront.net/games/roona/20220524ZFCK/web/images/ver5/img_rainbow.png]
[d38r36tibovzs2.cloudfront.net/games/roona/20220524ZFCK/web/css/comodo.css]
[d38r36tibovzs2.cloudfront.net/games/roona/20220524ZFCK/web/css/swiper.min.css]
[fonts.googleapis.com/earlyaccess/notosanskr.css]
[d38r36tibovzs2.cloudfront.net/games/roona/20220524ZFCK/web/images/bg_loding.jpg]
[d38r36tibovzs2.cloudfront.net/games/roona/20220524ZFCK/web/images/img_lodingLogo0.png]
[d38r36tibovzs2.cloudfront.net/games/roona/20220524ZFCK/web/images/img_lodingLogo.png]
[d38r36tibovzs2.cloudfront.net/games/roona/20220524ZFCK/web/images/img_lodingLogo1.png]
[d38r36tibovzs2.cloudfront.net/games/roona/20220524ZFCK/web/images/img_lodingLogo2.png]
[d38r36tibovzs2.cloudfront.net/games/roona/20220524ZFCK/web/images/img_lodingBar.png]
[d38r36tibovzs2.cloudfront.net/games/roona/20220524ZFCK/web/images/img_lodingGauge.png]
[d38r36tibovzs2.cloudfront.net/games/roona/20220524ZFCK/web/images/img_lodingItem.png]
[d38r36tibovzs2.cloudfront.net/games/roona/20220524ZFCK/web/css/loding.css]
[d38r36tibovzs2.cloudfront.net/games/roona/20220524ZFCK/web/css/reset.css]
[d38r36tibovzs2.cloudfront.net/games/roona/20220524ZFCK/web/images/btn_navSns_off_0319.png]
[d38r36tibovzs2.cloudfront.net/games/roona/20220524ZFCK/web/images/btn_navSns_on_0319.png]
[d38r36tibovzs2.cloudfront.net/games/roona/20220524ZFCK/web/images/btn_mainSns2_0319.png]
[d38r36tibovzs2.cloudfront.net/games/roona/20220524ZFCK/web/images/btn_banner_0605.png]
[d38r36tibovzs2.cloudfront.net/games/roona/20220524ZFCK/web/images/btn_login.png]
[d38r36tibovzs2.cloudfront.net/games/roona/20220524ZFCK/web/images/btn_logout_community.png]
[d38r36tibovzs2.cloudfront.net/games/roona/20220524ZFCK/web/images/btn_logout_facebook.png]
[d38r36tibovzs2.cloudfront.net/games/roona/20220524ZFCK/web/images/btn_logout_kakao.png]
[d38r36tibovzs2.cloudfront.net/games/roona/20220524ZFCK/web/images/btn_logout_youtube.png]
[d38r36tibovzs2.cloudfront.net/games/roona/20220524ZFCK/web/images/btn_logout_apple.png]
[d38r36tibovzs2.cloudfront.net/games/roona/20220524ZFCK/web/images/btn_logout_google.png]
[d38r36tibovzs2.cloudfront.net/games/roona/20220524ZFCK/web/images/btn_main_reservation.png]
[d38r36tibovzs2.cloudfront.net/games/roona/20220524ZFCK/web/images/reservation/bg_registration_1110.jpg]
[d38r36tibovzs2.cloudfront.net/games/roona/20220524ZFCK/web/images/btn_detail_view.png]
[ragnarok-origin.com/c.html]
[ragnarok-origin.com/b.html]
[ragnarok-origin.com/POST.html]
[d38r36tibovzs2.cloudfront.net/games/roona/20220524ZFCK/web/images/news/bg_news1.jpg]
[d38r36tibovzs2.cloudfront.net/games/roona/20220524ZFCK/web/images/news/img_titUpdate.png]
[d38r36tibovzs2.cloudfront.net/games/roona/20220524ZFCK/web/images/gameIntro/name_gameManager.png]
[d38r36tibovzs2.cloudfront.net/games/roona/20220524ZFCK/web/images/gameIntro/icon_clock.png]
[d38r36tibovzs2.cloudfront.net/games/roona/20220524ZFCK/web/images/gameIntro/icon_boardPicture.png]
[d38r36tibovzs2.cloudfront.net/games/roona/20220524ZFCK/web/images/gameIntro/icon_boardYoutube.png]
[d38r36tibovzs2.cloudfront.net/games/roona/20220524ZFCK/web/images/gameIntro/icon_boardNew.png]
[d38r36tibovzs2.cloudfront.net/games/roona/20220524ZFCK/web/images/gameIntro/icon_arrow.png]
[d38r36tibovzs2.cloudfront.net/games/roona/20220524ZFCK/web/images/gameIntro/btn_list_off.jpg]
[d38r36tibovzs2.cloudfront.net/games/roona/20220524ZFCK/web/images/gameIntro/btn_list_on.jpg]
[d38r36tibovzs2.cloudfront.net/games/roona/20220524ZFCK/web/images/gameIntro/btn_moreNext.png]
[d38r36tibovzs2.cloudfront.net/games/roona/20220524ZFCK/web/images/gameIntro/btn_next.png]
[d38r36tibovzs2.cloudfront.net/games/roona/20220524ZFCK/web/images/gameIntro/btn_morePrev.png]
[d38r36tibovzs2.cloudfront.net/games/roona/20220524ZFCK/web/images/gameIntro/btn_prev.png]
[d38r36tibovzs2.cloudfront.net/games/roona/20220524ZFCK/web/css/newsf735.css]
[ragnarok-origin.com/News/Notice.html]
[ragnarok-origin.com/News/Announcement.html]
[ragnarok-origin.com/News/Event.html]
[d38r36tibovzs2.cloudfront.net/games/roona/20220524ZFCK/web/js/jquery.mCustomScrollbar.concat.min.js]
[d38r36tibovzs2.cloudfront.net/games/roona/20220524ZFCK/web/js/guideDetail.js]
[ragnarok-origin.com/News/UpdateDetail/21e19c.html]
[ragnarok-origin.com/News/UpdateDetail/20e19c.html]
[ragnarok-origin.com/News/UpdateDetail/19e19c.html]
[ragnarok-origin.com/News/UpdateDetail/18e19c.html]
[ragnarok-origin.com/News/UpdateDetail/17e19c.html]
[ragnarok-origin.com/News/UpdateDetail/15e19c.html]
[ragnarok-origin.com/News/UpdateDetail/14e19c.html]
[static.xx.fbcdn.net/images/emoji.php/v9/t8d/1/16/2699.png]
[ragnarok-origin.com/News/UpdateDetail/13e19c.html]
[ragnarok-origin.com/News/UpdateDetail/12e19c.html]
[ragnarok-origin.com/News/UpdateDetail/11e19c.html]
[ragnarok-origin.com/News/Recent2679.html]
[ragnarok-origin.com/News/Recent4658.html]
[d38r36tibovzs2.cloudfront.net/games/roona/20220524ZFCK/web/images/gameIntro/bg_gameIntro0.jpg]
[d38r36tibovzs2.cloudfront.net/games/roona/20220524ZFCK/web/images/gameIntro/centerLight.png]
[d38r36tibovzs2.cloudfront.net/games/roona/20220524ZFCK/web/images/gameIntro/img_txt0_0806.png]
[d38r36tibovzs2.cloudfront.net/games/roona/20220524ZFCK/web/images/gameIntro/img_txt1_0806.png]
[d38r36tibovzs2.cloudfront.net/games/roona/20220524ZFCK/web/images/gameIntro/img_txt2_0909.png]
[d38r36tibovzs2.cloudfront.net/games/roona/20220524ZFCK/web/images/gameIntro/snow.png]
[d38r36tibovzs2.cloudfront.net/games/roona/20220524ZFCK/web/images/gameIntro/snow2.png]
[d38r36tibovzs2.cloudfront.net/games/roona/20220524ZFCK/web/images/gameIntro/snow3.png]
[d38r36tibovzs2.cloudfront.net/games/roona/20220524ZFCK/web/images/gameIntro/bg_gameIntro1.jpg]
[d38r36tibovzs2.cloudfront.net/games/roona/20220524ZFCK/web/images/gameIntro/btn_charFace_off.png]
[d38r36tibovzs2.cloudfront.net/games/roona/20220524ZFCK/web/images/gameIntro/btn_charFace_on.png]
[d38r36tibovzs2.cloudfront.net/games/roona/20220524ZFCK/web/images/gameIntro/img_char_area0.png]
[d38r36tibovzs2.cloudfront.net/games/roona/20220524ZFCK/web/images/gameIntro/img_char0.png]
[d38r36tibovzs2.cloudfront.net/games/roona/20220524ZFCK/web/images/gameIntro/img_char_area1.png]
[d38r36tibovzs2.cloudfront.net/games/roona/20220524ZFCK/web/images/gameIntro/img_char1.png]
[d38r36tibovzs2.cloudfront.net/games/roona/20220524ZFCK/web/images/gameIntro/img_char_area2.png]
[d38r36tibovzs2.cloudfront.net/games/roona/20220524ZFCK/web/images/gameIntro/img_char2.png]
[d38r36tibovzs2.cloudfront.net/games/roona/20220524ZFCK/web/images/gameIntro/img_char_area3.png]
[d38r36tibovzs2.cloudfront.net/games/roona/20220524ZFCK/web/images/gameIntro/img_char3.png]
[d38r36tibovzs2.cloudfront.net/games/roona/20220524ZFCK/web/images/gameIntro/img_char_area4.png]
[d38r36tibovzs2.cloudfront.net/games/roona/20220524ZFCK/web/images/gameIntro/img_char4.png]
[d38r36tibovzs2.cloudfront.net/games/roona/20220524ZFCK/web/images/gameIntro/img_char_area5.png]
[d38r36tibovzs2.cloudfront.net/games/roona/20220524ZFCK/web/images/gameIntro/img_char5.png]
[d38r36tibovzs2.cloudfront.net/games/roona/20220524ZFCK/web/images/gameIntro/bg_gameIntro2.jpg]
[d38r36tibovzs2.cloudfront.net/games/roona/20220524ZFCK/web/images/gameIntro/btn_back.png]
[d38r36tibovzs2.cloudfront.net/games/roona/20220524ZFCK/web/images/gameIntro/img_subdivideJobs_area_211220.png]
[d38r36tibovzs2.cloudfront.net/games/roona/20220524ZFCK/web/images/gameIntro/btn_subdivideJobs0_220328.png]
[d38r36tibovzs2.cloudfront.net/games/roona/20220524ZFCK/web/images/gameIntro/btn_subdivideJobs0_on_220328.png]
[d38r36tibovzs2.cloudfront.net/games/roona/20220524ZFCK/web/images/gameIntro/img_subdivideJobs_area_1.png]
[d38r36tibovzs2.cloudfront.net/games/roona/20220524ZFCK/web/images/gameIntro/btn_subdivideJobs1_off.png]
[d38r36tibovzs2.cloudfront.net/games/roona/20220524ZFCK/web/images/gameIntro/btn_subdivideJobs1_on.png]
[d38r36tibovzs2.cloudfront.net/games/roona/20220524ZFCK/web/images/gameIntro/btn_subdivideJobs2_off_220510.png]
[d38r36tibovzs2.cloudfront.net/games/roona/20220524ZFCK/web/images/gameIntro/btn_subdivideJobs2_on_220510.png]
[d38r36tibovzs2.cloudfront.net/games/roona/20220524ZFCK/web/images/gameIntro/btn_subdivideJobs3_off_220328.png]
[d38r36tibovzs2.cloudfront.net/games/roona/20220524ZFCK/web/images/gameIntro/btn_subdivideJobs3_on_220328.png]
[d38r36tibovzs2.cloudfront.net/games/roona/20220524ZFCK/web/images/gameIntro/btn_subdivideJobs4_off.png]
[d38r36tibovzs2.cloudfront.net/games/roona/20220524ZFCK/web/images/gameIntro/btn_subdivideJobs4_on.png]
[d38r36tibovzs2.cloudfront.net/games/roona/20220524ZFCK/web/images/gameIntro/btn_subdivideJobs5_off.png]
[d38r36tibovzs2.cloudfront.net/games/roona/20220524ZFCK/web/images/gameIntro/btn_subdivideJobs5_on.png]
[d38r36tibovzs2.cloudfront.net/games/roona/20220524ZFCK/web/images/gameIntro/btn_detailJobs_off.png]
[d38r36tibovzs2.cloudfront.net/games/roona/20220524ZFCK/web/images/gameIntro/btn_detailJobs_on.png]
[d38r36tibovzs2.cloudfront.net/games/roona/20220524ZFCK/web/images/gameIntro/img_detail0.png]
[d38r36tibovzs2.cloudfront.net/games/roona/20220524ZFCK/web/images/gameIntro/img_detail1.png]
[d38r36tibovzs2.cloudfront.net/games/roona/20220524ZFCK/web/images/gameIntro/img_detail2.png]
[d38r36tibovzs2.cloudfront.net/games/roona/20220524ZFCK/web/images/gameIntro/img_detail3.png]
[d38r36tibovzs2.cloudfront.net/games/roona/20220524ZFCK/web/images/gameIntro/img_detail4.png]
[d38r36tibovzs2.cloudfront.net/games/roona/20220524ZFCK/web/images/gameIntro/img_detail5.png]
[d38r36tibovzs2.cloudfront.net/games/roona/20220524ZFCK/web/images/gameIntro/img_subdivideJobs0_0.png]
[d38r36tibovzs2.cloudfront.net/games/roona/20220524ZFCK/web/images/gameIntro/img_subdivideJobs0_1.png]
[d38r36tibovzs2.cloudfront.net/games/roona/20220524ZFCK/web/images/gameIntro/img_subdivideJobs0_2.png]
[d38r36tibovzs2.cloudfront.net/games/roona/20220524ZFCK/web/images/gameIntro/img_subdivideJobs0_3.png]
[d38r36tibovzs2.cloudfront.net/games/roona/20220524ZFCK/web/images/gameIntro/img_subdivideJobs0_4.png]
[d38r36tibovzs2.cloudfront.net/games/roona/20220524ZFCK/web/images/gameIntro/img_subdivideJobs1_0.png]
[d38r36tibovzs2.cloudfront.net/games/roona/20220524ZFCK/web/images/gameIntro/img_subdivideJobs1_1.png]
[d38r36tibovzs2.cloudfront.net/games/roona/20220524ZFCK/web/images/gameIntro/img_subdivideJobs1_2.png]
[d38r36tibovzs2.cloudfront.net/games/roona/20220524ZFCK/web/images/gameIntro/img_subdivideJobs2_0.png]
[d38r36tibovzs2.cloudfront.net/games/roona/20220524ZFCK/web/images/gameIntro/img_subdivideJobs2_1.png]
[d38r36tibovzs2.cloudfront.net/games/roona/20220524ZFCK/web/images/gameIntro/img_subdivideJobs2_2.png]
[d38r36tibovzs2.cloudfront.net/games/roona/20220524ZFCK/web/images/gameIntro/img_subdivideJobs2_3.png]
[d38r36tibovzs2.cloudfront.net/games/roona/20220524ZFCK/web/images/gameIntro/img_subdivideJobs2_4.png]
[d38r36tibovzs2.cloudfront.net/games/roona/20220524ZFCK/web/images/gameIntro/img_subdivideJobs3_0.png]
[d38r36tibovzs2.cloudfront.net/games/roona/20220524ZFCK/web/images/gameIntro/img_subdivideJobs3_1.png]
[d38r36tibovzs2.cloudfront.net/games/roona/20220524ZFCK/web/images/gameIntro/img_subdivideJobs3_2.png]
[d38r36tibovzs2.cloudfront.net/games/roona/20220524ZFCK/web/images/gameIntro/img_subdivideJobs3_3.png]
[d38r36tibovzs2.cloudfront.net/games/roona/20220524ZFCK/web/images/gameIntro/img_subdivideJobs3_4.png]
[d38r36tibovzs2.cloudfront.net/games/roona/20220524ZFCK/web/images/gameIntro/img_subdivideJobs4_0.png]
[d38r36tibovzs2.cloudfront.net/games/roona/20220524ZFCK/web/images/gameIntro/img_subdivideJobs4_1.png]
[d38r36tibovzs2.cloudfront.net/games/roona/20220524ZFCK/web/images/gameIntro/img_subdivideJobs4_2.png]
[d38r36tibovzs2.cloudfront.net/games/roona/20220524ZFCK/web/images/gameIntro/img_subdivideJobs5_0.png]
[d38r36tibovzs2.cloudfront.net/games/roona/20220524ZFCK/web/images/gameIntro/img_subdivideJobs5_1.png]
[d38r36tibovzs2.cloudfront.net/games/roona/20220524ZFCK/web/images/gameIntro/img_subdivideJobs5_2.png]
[d38r36tibovzs2.cloudfront.net/games/roona/20220524ZFCK/web/images/gameIntro/bg_gameIntro4.jpg]
[d38r36tibovzs2.cloudfront.net/games/roona/20220524ZFCK/web/images/gameIntro/img_titGameGuide.png]
[d38r36tibovzs2.cloudfront.net/games/roona/20220524ZFCK/web/css/gameIntroacf6.css]
[d38r36tibovzs2.cloudfront.net/games/roona/20220524ZFCK/web/css/gameIntrobf85.css]
[d38r36tibovzs2.cloudfront.net/games/roona/20220524ZFCK/web/images/ver4/bg_mainMorning.jpg]
[d38r36tibovzs2.cloudfront.net/games/roona/20220524ZFCK/web/images/ver4/bg_mainAfternoon.jpg]
[d38r36tibovzs2.cloudfront.net/games/roona/20220524ZFCK/web/images/ver4/bg_mainEvening.jpg]
[d38r36tibovzs2.cloudfront.net/games/roona/20220524ZFCK/web/images/ver4/img_windmill.png]
[d38r36tibovzs2.cloudfront.net/games/roona/20220524ZFCK/web/images/ver4/img_water.png]
[d38r36tibovzs2.cloudfront.net/games/roona/20220524ZFCK/web/images/ver4/img_waterUnder.png]
[d38r36tibovzs2.cloudfront.net/games/roona/20220524ZFCK/web/images/ver4/img_water_night.png]
[d38r36tibovzs2.cloudfront.net/games/roona/20220524ZFCK/web/images/ver4/img_duck.png]
[d38r36tibovzs2.cloudfront.net/games/roona/20220524ZFCK/web/images/ver4/img_clock.png]
[d38r36tibovzs2.cloudfront.net/games/roona/20220524ZFCK/web/images/ver4/img_clock_night.png]
[d38r36tibovzs2.cloudfront.net/games/roona/20220524ZFCK/web/images/ver4/even_leftWin0.png]
[d38r36tibovzs2.cloudfront.net/games/roona/20220524ZFCK/web/images/ver4/even_leftWin1.png]
[d38r36tibovzs2.cloudfront.net/games/roona/20220524ZFCK/web/images/ver4/even_leftWin2.png]
[d38r36tibovzs2.cloudfront.net/games/roona/20220524ZFCK/web/images/ver4/even_leftWin3.png]
[d38r36tibovzs2.cloudfront.net/games/roona/20220524ZFCK/web/images/ver4/even_leftWin3_1.png]
[d38r36tibovzs2.cloudfront.net/games/roona/20220524ZFCK/web/images/ver4/even_leftWin4.png]
[d38r36tibovzs2.cloudfront.net/games/roona/20220524ZFCK/web/images/ver4/even_leftWin5.png]
[d38r36tibovzs2.cloudfront.net/games/roona/20220524ZFCK/web/images/ver4/even_leftWin6.png]
[d38r36tibovzs2.cloudfront.net/games/roona/20220524ZFCK/web/images/ver4/even_leftWin7.png]
[d38r36tibovzs2.cloudfront.net/games/roona/20220524ZFCK/web/images/ver4/even_leftWin8.png]
[d38r36tibovzs2.cloudfront.net/games/roona/20220524ZFCK/web/images/ver4/img_light0.png]
[d38r36tibovzs2.cloudfront.net/games/roona/20220524ZFCK/web/images/ver4/img_light1.png]
[d38r36tibovzs2.cloudfront.net/games/roona/20220524ZFCK/web/images/ver4/img_light2.png]
[d38r36tibovzs2.cloudfront.net/games/roona/20220524ZFCK/web/images/ver4/img_light7.png]
[d38r36tibovzs2.cloudfront.net/games/roona/20220524ZFCK/web/images/ver4/img_light6.png]
[d38r36tibovzs2.cloudfront.net/games/roona/20220524ZFCK/web/images/ver4/img_rightHouse.png]
[d38r36tibovzs2.cloudfront.net/games/roona/20220524ZFCK/web/images/ver4/img_leftHouse.png]
[d38r36tibovzs2.cloudfront.net/games/roona/20220524ZFCK/web/css/aldebaran.css]
[d38r36tibovzs2.cloudfront.net/games/roona/20220524ZFCK/web/css/area.css]
[d38r36tibovzs2.cloudfront.net/games/roona/20220524ZFCK/web/images/leaves1.png]
[d38r36tibovzs2.cloudfront.net/games/roona/20220524ZFCK/web/images/leaves2.png]
[d38r36tibovzs2.cloudfront.net/games/roona/20220524ZFCK/web/images/leaves3.png]
[d38r36tibovzs2.cloudfront.net/games/roona/20220524ZFCK/web/images/leaves4.png]
[ragnarok-origin.com/js/smoke.js]
[ragnarok-origin.com/GameIntro/AreaProntera.html]
[d38r36tibovzs2.cloudfront.net/games/roona/20220524ZFCK/web/images/ver2/particle_1.png]
[d38r36tibovzs2.cloudfront.net/games/roona/20220524ZFCK/web/images/ver2/particle_2.png]
[d38r36tibovzs2.cloudfront.net/games/roona/20220524ZFCK/web/images/ver2/particle_3.png]
[d38r36tibovzs2.cloudfront.net/games/roona/20220524ZFCK/web/images/ver2/particle_4.png]
[d38r36tibovzs2.cloudfront.net/games/roona/20220524ZFCK/web/images/ver2/leaves1.png]
[d38r36tibovzs2.cloudfront.net/games/roona/20220524ZFCK/web/images/ver2/leaves2.png]
[d38r36tibovzs2.cloudfront.net/games/roona/20220524ZFCK/web/images/ver2/leaves3.png]
[d38r36tibovzs2.cloudfront.net/games/roona/20220524ZFCK/web/images/ver2/leaves4.png]
[d38r36tibovzs2.cloudfront.net/games/roona/20220524ZFCK/web/js/TweenMax.min.js]
[d38r36tibovzs2.cloudfront.net/games/roona/20220524ZFCK/web/js/TweenScript.js]
[ragnarok-origin.com/GameIntro/AreaPayon.html]
[d38r36tibovzs2.cloudfront.net/games/roona/20220524ZFCK/web/images/ver3/leaves1_0707.png]
[d38r36tibovzs2.cloudfront.net/games/roona/20220524ZFCK/web/images/ver3/leaves2_0707.png]
[d38r36tibovzs2.cloudfront.net/games/roona/20220524ZFCK/web/images/ver3/leaves3_0707.png]
[ragnarok-origin.com/GameIntro/AreaAlberta.html]
[d38r36tibovzs2.cloudfront.net/games/roona/upload_files/guide/202111/1d11dcf4-58d0-4ccc-8fea-de9373be6395.png]
[d38r36tibovzs2.cloudfront.net/games/roona/upload_files/guide/202111/2e8d0b2e-b4c3-4d08-8ea2-0170b2fac119.png]
[d38r36tibovzs2.cloudfront.net/games/roona/upload_files/guide/202111/d327d406-abcd-44cf-ad3c-fef5ee2645af.png]
[d38r36tibovzs2.cloudfront.net/games/roona/upload_files/guide/202111/a14d3cc2-8360-4d1e-af74-c7f70cae3ff2.png]
[ragnarok-origin.com/GameIntro/GameGuideDetail/27.html]
[d38r36tibovzs2.cloudfront.net/games/roona/upload_files/guide/202111/2519cbcb-5d4a-4f9d-8421-1d5c50b0a9b4.png]
[d38r36tibovzs2.cloudfront.net/games/roona/upload_files/guide/202111/72d883f5-dd75-49ec-8646-a6aa8e1b6fd1.png]
[d38r36tibovzs2.cloudfront.net/games/roona/upload_files/guide/202111/77ded5ab-2e64-4fb8-9005-b84879568240.png]
[d38r36tibovzs2.cloudfront.net/games/roona/upload_files/guide/202111/d4e85fff-902e-4b63-aa96-86db4ee5f5d5.png]
[ragnarok-origin.com/GameIntro/GameGuideDetail/26.html]
[d38r36tibovzs2.cloudfront.net/games/roona/upload_files/guide/202111/d420551d-dc60-4101-819d-5b79f7fbad96.png]
[d38r36tibovzs2.cloudfront.net/games/roona/upload_files/guide/202111/f43d9326-1fd1-46d2-b84a-2d7ed7d80d31.png]
[d38r36tibovzs2.cloudfront.net/games/roona/upload_files/guide/202111/38fc627b-ce83-41ee-b84f-817374185b5d.png]
[d38r36tibovzs2.cloudfront.net/games/roona/upload_files/guide/202111/fed32a6d-9710-4e6a-b152-a532e0c35113.png]
[d38r36tibovzs2.cloudfront.net/games/roona/upload_files/guide/202111/26ce48be-c644-4f51-9725-ab100924382b.png]
[d38r36tibovzs2.cloudfront.net/games/roona/upload_files/guide/202111/1040b404-4067-4add-acf1-3108ffc6884b.png]
[d38r36tibovzs2.cloudfront.net/games/roona/upload_files/guide/202111/749a42ef-6be4-48a1-bbea-087a810b99da.png]
[d38r36tibovzs2.cloudfront.net/games/roona/upload_files/guide/202111/e98065de-0edb-4fae-b0c9-1f431783416e.png]
[d38r36tibovzs2.cloudfront.net/games/roona/upload_files/guide/202111/d3b34c42-3af4-4f24-add0-ce3c1ea1b3f8.png]
[d38r36tibovzs2.cloudfront.net/games/roona/upload_files/guide/202111/f9e1083e-4c39-4ef8-8f93-6a0894b4d66f.png]
[d38r36tibovzs2.cloudfront.net/games/roona/upload_files/guide/202111/1cdc763c-5e3d-4c0b-ad9f-f12b0eca06eb.png]
[d38r36tibovzs2.cloudfront.net/games/roona/upload_files/guide/202111/a7740dc4-a01c-4bbc-89c2-c461edc2ded0.png]
[d38r36tibovzs2.cloudfront.net/games/roona/upload_files/guide/202111/117e180a-1c51-418f-bd84-fcac28fa7854.png]
[d38r36tibovzs2.cloudfront.net/games/roona/upload_files/guide/202111/cbe460b8-f63d-43a6-a567-76c9115a77c6.png]
[ragnarok-origin.com/GameIntro/GameGuideDetail/25.html]
[d38r36tibovzs2.cloudfront.net/games/roona/upload_files/guide/202111/d940787d-7470-4476-97c2-d453fff2a1d4.png]
[d38r36tibovzs2.cloudfront.net/games/roona/upload_files/guide/202111/1f406265-8a2a-4696-ac46-efdec8bd39e3.png]
[d38r36tibovzs2.cloudfront.net/games/roona/upload_files/guide/202111/1e3dc97f-3607-412a-ba4d-306d95e54463.png]
[d38r36tibovzs2.cloudfront.net/games/roona/upload_files/guide/202111/c498fb6c-56ed-4300-ac51-b425c9878ee4.png]
[d38r36tibovzs2.cloudfront.net/games/roona/upload_files/guide/202111/0770e937-2b7e-4f22-b1ca-9979e1d7f5fb.png]
[ragnarok-origin.com/GameIntro/GameGuideDetail/24.html]
[d38r36tibovzs2.cloudfront.net/games/roona/upload_files/guide/202111/7b198cd6-72ee-41bb-b6bb-36a5e6f17b0a.png]
[d38r36tibovzs2.cloudfront.net/games/roona/upload_files/guide/202111/590c5b92-8256-4440-9dd3-80872e534a37.png]
[d38r36tibovzs2.cloudfront.net/games/roona/upload_files/guide/202111/ddc97a3b-2777-4017-8ac3-d7b09a613f04.png]
[ragnarok-origin.com/GameIntro/GameGuideDetail/23.html]
[d38r36tibovzs2.cloudfront.net/games/roona/upload_files/guide/202111/278a11d2-6902-4b53-b5ef-69a3fd8d288f.png]
[d38r36tibovzs2.cloudfront.net/games/roona/upload_files/guide/202111/bfc07485-21de-43e4-9a73-ef0c4a6872a7.png]
[d38r36tibovzs2.cloudfront.net/games/roona/upload_files/guide/202111/f3f21fb5-2295-48c9-b34e-b3ad11649d7c.png]
[ragnarok-origin.com/GameIntro/GameGuideDetail/22.html]
[d38r36tibovzs2.cloudfront.net/games/roona/upload_files/guide/202111/193ea500-af34-4b19-a8fe-cbd321ca7c84.png]
[d38r36tibovzs2.cloudfront.net/games/roona/upload_files/guide/202111/2f88c7d9-2e5b-4317-89ac-1d0f21135684.png]
[d38r36tibovzs2.cloudfront.net/games/roona/upload_files/guide/202111/fee9518e-3e20-4906-8d17-70c1ab7d066d.png]
[d38r36tibovzs2.cloudfront.net/games/roona/upload_files/guide/202111/8d7ef518-1da2-4f67-a7ce-8dee405f22fc.png]
[d38r36tibovzs2.cloudfront.net/games/roona/upload_files/guide/202111/b6b8171b-6a07-42a6-980c-ed03a6c2f2e7.png]
[ragnarok-origin.com/GameIntro/GameGuideDetail/21.html]
[d38r36tibovzs2.cloudfront.net/games/roona/upload_files/guide/202111/cd4e2b83-4925-42ad-9db1-3c8790e221e1.png]
[d38r36tibovzs2.cloudfront.net/games/roona/upload_files/guide/202111/36ea2419-b15a-4078-b522-4ea843a45a3c.png]
[d38r36tibovzs2.cloudfront.net/games/roona/upload_files/guide/202111/8f1a1811-a1bb-4410-8e36-74d8dee1bc0e.png]
[ragnarok-origin.com/GameIntro/GameGuideDetail/20.html]
[d38r36tibovzs2.cloudfront.net/games/roona/upload_files/guide/202111/cc0e6a11-5fed-4517-ac53-3deb17f5a9e5.png]
[d38r36tibovzs2.cloudfront.net/games/roona/upload_files/guide/202111/ad9ec42e-a8d5-4190-989f-02ed375ebcaf.png]
[d38r36tibovzs2.cloudfront.net/games/roona/upload_files/guide/202111/a373bd42-196c-4954-9c56-a6a435018207.png]
[d38r36tibovzs2.cloudfront.net/games/roona/upload_files/guide/202111/9c9885cd-7e39-4952-9e22-1f362393d509.png]
[d38r36tibovzs2.cloudfront.net/games/roona/upload_files/guide/202111/845cae6a-db2c-462a-bce2-20208b76654d.png]
[d38r36tibovzs2.cloudfront.net/games/roona/upload_files/guide/202111/9561f595-006e-489e-bf11-bccd40d8b8de.png]
[ragnarok-origin.com/GameIntro/GameGuideDetail/19.html]
[d38r36tibovzs2.cloudfront.net/games/roona/upload_files/guide/202111/b8b55485-dfd7-4ec3-a3e2-cf1c266b7654.png]
[d38r36tibovzs2.cloudfront.net/games/roona/upload_files/guide/202111/06c594fd-0d8a-4136-b585-d9396c4672cc.png]
[d38r36tibovzs2.cloudfront.net/games/roona/upload_files/guide/202111/770dfdb3-e296-47de-b6f9-0658d959761c.png]
[d38r36tibovzs2.cloudfront.net/games/roona/upload_files/guide/202111/af1fef2d-fc99-483f-ba69-b03f3cc4672a.png]
[d38r36tibovzs2.cloudfront.net/games/roona/upload_files/guide/202111/4754f385-94f5-43d5-8aa7-340251e6076a.png]
[d38r36tibovzs2.cloudfront.net/games/roona/upload_files/guide/202111/ba445702-36d3-4571-aebe-3d6e43d740b4.png]
[ragnarok-origin.com/GameIntro/GameGuideDetail/18.html]
[ragnarok-origin.com/GameIntro/GameGuide2679.html]
[ragnarok-origin.com/GameIntro/GameGuide4658.html]
[ragnarok-origin.com/GameIntro/GameGuide9ba9.html]
[d38r36tibovzs2.cloudfront.net/games/roona/20220524ZFCK/web/images/gameIntro/bg_gameIntro3.jpg]
[d38r36tibovzs2.cloudfront.net/games/roona/20220524ZFCK/web/images/gameIntro/img_titFaq_211115.png]
[d38r36tibovzs2.cloudfront.net/games/roona/20220524ZFCK/web/css/faq5b22.css]
[ragnarok-origin.com/News/UpdateDetail/21344a.html]
[ragnarok-origin.com/News/UpdateDetail/20344a.html]
[ragnarok-origin.com/News/UpdateDetail/19344a.html]
[ragnarok-origin.com/News/UpdateDetail/18344a.html]
[ragnarok-origin.com/News/UpdateDetail/17344a.html]
[ragnarok-origin.com/News/UpdateDetail/15344a.html]
[ragnarok-origin.com/News/UpdateDetail/14344a.html]
[ragnarok-origin.com/News/UpdateDetail/13344a.html]
[ragnarok-origin.com/News/UpdateDetail/12344a.html]
[ragnarok-origin.com/News/UpdateDetail/11344a.html]
[ragnarok-origin.com/News/Notice2679.html]
[ragnarok-origin.com/News/Notice4658.html]
[d38r36tibovzs2.cloudfront.net/games/roona/20220524ZFCK/web/css/news7114.css]
[d38r36tibovzs2.cloudfront.net/games/roona/20220524ZFCK/web/css/jquery.mCustomScrollbar.css]
[ragnarok-origin.com/News/UpdateDetail/109d94.html]
[ragnarok-origin.com/News/UpdateDetail/99d94.html]
[ragnarok-origin.com/News/UpdateDetail/89d94.html]
[ragnarok-origin.com/News/UpdateDetail/79d94.html]
[ragnarok-origin.com/News/UpdateDetail/69d94.html]
[ragnarok-origin.com/News/UpdateDetail/59d94.html]
[ragnarok-origin.com/News/UpdateDetail/39d94.html]
[ragnarok-origin.com/News/UpdateDetail/29d94.html]
[d38r36tibovzs2.cloudfront.net/games/roona/20220524ZFCK/web/css/prontera.css]
[d38r36tibovzs2.cloudfront.net/games/roona/20220524ZFCK/web/images/ver2/bg_mainMorning_ver2.jpg]
[d38r36tibovzs2.cloudfront.net/games/roona/20220524ZFCK/web/images/ver2/bg_mainAfternoon_ver2.jpg]
[d38r36tibovzs2.cloudfront.net/games/roona/20220524ZFCK/web/images/ver2/bg_mainEvening_ver2.jpg]
[d38r36tibovzs2.cloudfront.net/games/roona/20220524ZFCK/web/images/ver2/even_leftWin0.png]
[d38r36tibovzs2.cloudfront.net/games/roona/20220524ZFCK/web/images/ver2/even_leftWin1.png]
[d38r36tibovzs2.cloudfront.net/games/roona/20220524ZFCK/web/images/ver2/even_leftWin2.png]
[d38r36tibovzs2.cloudfront.net/games/roona/20220524ZFCK/web/images/ver2/even_leftWin3.png]
[d38r36tibovzs2.cloudfront.net/games/roona/20220524ZFCK/web/images/ver2/even_leftWin4.png]
[d38r36tibovzs2.cloudfront.net/games/roona/20220524ZFCK/web/images/ver2/even_leftWin7.png]
[d38r36tibovzs2.cloudfront.net/games/roona/20220524ZFCK/web/images/ver2/even_leftWin8.png]
[d38r36tibovzs2.cloudfront.net/games/roona/20220524ZFCK/web/images/ver2/img_light0.png]
[d38r36tibovzs2.cloudfront.net/games/roona/20220524ZFCK/web/images/ver2/img_light1.png]
[d38r36tibovzs2.cloudfront.net/games/roona/20220524ZFCK/web/images/ver2/img_light2.png]
[d38r36tibovzs2.cloudfront.net/games/roona/20220524ZFCK/web/images/ver2/img_light7.png]
[d38r36tibovzs2.cloudfront.net/games/roona/20220524ZFCK/web/images/ver2/even_leftWin5.png]
[d38r36tibovzs2.cloudfront.net/games/roona/20220524ZFCK/web/images/ver2/even_leftWin6.png]
[d38r36tibovzs2.cloudfront.net/games/roona/20220524ZFCK/web/images/ver2/img_light3.png]
[d38r36tibovzs2.cloudfront.net/games/roona/20220524ZFCK/web/images/ver2/btn_playWarp.png]
[d38r36tibovzs2.cloudfront.net/games/roona/20220524ZFCK/web/images/ver2/even_rightWin0.png]
[d38r36tibovzs2.cloudfront.net/games/roona/20220524ZFCK/web/images/ver2/even_rightWin1.png]
[d38r36tibovzs2.cloudfront.net/games/roona/20220524ZFCK/web/images/ver2/even_rightWin2.png]
[d38r36tibovzs2.cloudfront.net/games/roona/20220524ZFCK/web/images/ver2/lemp_light0.png]
[d38r36tibovzs2.cloudfront.net/games/roona/20220524ZFCK/web/images/ver2/img_light5.png]
[d38r36tibovzs2.cloudfront.net/games/roona/20220524ZFCK/web/images/ver2/img_light6.png]
[d38r36tibovzs2.cloudfront.net/games/roona/20220524ZFCK/web/images/ver2/img_lemp0.png]
[d38r36tibovzs2.cloudfront.net/games/roona/20220524ZFCK/web/images/ver2/img_lemp1.png]
[d38r36tibovzs2.cloudfront.net/games/roona/20220524ZFCK/web/images/ver2/img_lemp2.png]
[d38r36tibovzs2.cloudfront.net/games/roona/20220524ZFCK/web/images/ver2/img_eyes.png]
[d38r36tibovzs2.cloudfront.net/games/roona/20220524ZFCK/web/css/payon.css]
[d38r36tibovzs2.cloudfront.net/games/roona/20220524ZFCK/web/images/ver3/bg_mainMorning.jpg]
[d38r36tibovzs2.cloudfront.net/games/roona/20220524ZFCK/web/images/ver3/bg_mainAfternoon.jpg]
[d38r36tibovzs2.cloudfront.net/games/roona/20220524ZFCK/web/images/ver3/bg_mainEvening.jpg]
[d38r36tibovzs2.cloudfront.net/games/roona/20220524ZFCK/web/images/ver3/even_leftWin0.png]
[d38r36tibovzs2.cloudfront.net/games/roona/20220524ZFCK/web/images/ver3/even_leftWin1.png]
[d38r36tibovzs2.cloudfront.net/games/roona/20220524ZFCK/web/images/ver3/even_leftWin2.png]
[d38r36tibovzs2.cloudfront.net/games/roona/20220524ZFCK/web/images/ver3/even_leftWin3.png]
[d38r36tibovzs2.cloudfront.net/games/roona/20220524ZFCK/web/images/ver3/even_leftWin4.png]
[d38r36tibovzs2.cloudfront.net/games/roona/20220524ZFCK/web/images/ver3/even_leftWin5.png]
[d38r36tibovzs2.cloudfront.net/games/roona/20220524ZFCK/web/images/ver3/even_leftWin6.png]
[d38r36tibovzs2.cloudfront.net/games/roona/20220524ZFCK/web/images/ver3/img_light0.png]
[d38r36tibovzs2.cloudfront.net/games/roona/20220524ZFCK/web/images/ver3/img_light1.png]
[d38r36tibovzs2.cloudfront.net/games/roona/20220524ZFCK/web/images/ver3/img_light2.png]
[d38r36tibovzs2.cloudfront.net/games/roona/20220524ZFCK/web/images/ver3/img_light7.png]
[d38r36tibovzs2.cloudfront.net/games/roona/20220524ZFCK/web/images/ver3/img_light3.png]
[d38r36tibovzs2.cloudfront.net/games/roona/20220524ZFCK/web/images/ver3/btn_playWarp.png]
[d38r36tibovzs2.cloudfront.net/games/roona/20220524ZFCK/web/images/ver3/even_rightWin0.png]
[d38r36tibovzs2.cloudfront.net/games/roona/20220524ZFCK/web/images/ver3/even_rightWin1.png]
[d38r36tibovzs2.cloudfront.net/games/roona/20220524ZFCK/web/images/ver3/even_rightWin2.png]
[d38r36tibovzs2.cloudfront.net/games/roona/20220524ZFCK/web/images/ver3/lemp_light0.png]
[d38r36tibovzs2.cloudfront.net/games/roona/20220524ZFCK/web/images/ver3/img_light5.png]
[d38r36tibovzs2.cloudfront.net/games/roona/20220524ZFCK/web/images/ver3/img_light6.png]
[d38r36tibovzs2.cloudfront.net/games/roona/20220524ZFCK/web/images/ver3/img_lemp0.png]
[d38r36tibovzs2.cloudfront.net/games/roona/20220524ZFCK/web/images/ver3/img_lemp1.png]
[d38r36tibovzs2.cloudfront.net/games/roona/20220524ZFCK/web/images/ver3/img_lemp2.png]
[d38r36tibovzs2.cloudfront.net/games/roona/20220524ZFCK/web/images/ver3/img_fourLight.png]
[d38r36tibovzs2.cloudfront.net/games/roona/20220524ZFCK/web/images/ver3/img_oneLight.png]
[d38r36tibovzs2.cloudfront.net/games/roona/20220524ZFCK/web/images/ver3/img_twoLight.png]
[d38r36tibovzs2.cloudfront.net/games/roona/20220524ZFCK/web/images/ver3/img_lightHouse1.png]
[d38r36tibovzs2.cloudfront.net/games/roona/20220524ZFCK/web/css/alberta.css]
[d38r36tibovzs2.cloudfront.net/games/roona/upload_files/guide/202111/dbcc2edf-8dca-4623-9641-7e481eb6fdcc.png]
[d38r36tibovzs2.cloudfront.net/games/roona/upload_files/guide/202111/5ca45cf2-5c09-4811-84b9-b5c145c1160a.png]
[d38r36tibovzs2.cloudfront.net/games/roona/upload_files/guide/202111/d4380b73-81d7-4a87-9401-e322121bb7a0.png]
[d38r36tibovzs2.cloudfront.net/games/roona/upload_files/guide/202111/30707a16-2a3d-484a-bdd3-a5aaddffbea0.png]
[d38r36tibovzs2.cloudfront.net/games/roona/upload_files/guide/202111/f74df54c-45bf-4c55-9dfc-9d1f85272ecb.png]
[d38r36tibovzs2.cloudfront.net/games/roona/upload_files/guide/202111/8704d5e3-bf5b-409f-9ed4-e021362f56e2.png]
[d38r36tibovzs2.cloudfront.net/games/roona/upload_files/guide/202111/a51d847f-e67b-4c8c-85c7-f0f40d80a483.png]
[d38r36tibovzs2.cloudfront.net/games/roona/upload_files/guide/202111/da66ca53-ae73-4b11-b355-27d53996e496.png]
[ragnarok-origin.com/GameIntro/GameGuideDetail/17.html]
[d38r36tibovzs2.cloudfront.net/games/roona/upload_files/guide/202111/272a3dbc-3324-4cff-9c38-4431b0108c3e.png]
[d38r36tibovzs2.cloudfront.net/games/roona/upload_files/guide/202111/1cabc2a4-f14d-4d6d-b85e-a1658ca7e9dd.png]
[d38r36tibovzs2.cloudfront.net/games/roona/upload_files/guide/202111/18efd30b-c97e-47eb-b86c-cb629f5740ed.png]
[d38r36tibovzs2.cloudfront.net/games/roona/upload_files/guide/202111/fe2c26c8-2cf0-447f-b861-4b70cef779da.png]
[d38r36tibovzs2.cloudfront.net/games/roona/upload_files/guide/202111/44df0f46-0d58-4323-acff-5fd7c631e977.png]
[d38r36tibovzs2.cloudfront.net/games/roona/upload_files/guide/202111/22f54b16-3e7b-4ecc-8ee0-ce6da65c748d.png]
[d38r36tibovzs2.cloudfront.net/games/roona/upload_files/guide/202111/aa5d7712-245b-4cf7-ab0f-9e8f24e9f41f.png]
[ragnarok-origin.com/GameIntro/GameGuideDetail/16.html]
[d38r36tibovzs2.cloudfront.net/games/roona/upload_files/guide/202111/ab38b7a9-4b97-4aa0-8085-bb02457ca71d.png]
[d38r36tibovzs2.cloudfront.net/games/roona/upload_files/guide/202111/c31358ce-a82e-4cb6-a529-8dfefcc7ca07.png]
[d38r36tibovzs2.cloudfront.net/games/roona/upload_files/guide/202111/5dd7beb4-97a0-4e34-b11e-a660c0b7126d.png]
[d38r36tibovzs2.cloudfront.net/games/roona/upload_files/guide/202111/4cc14a7c-a9b1-4266-8745-d78e6c67da65.png]
[d38r36tibovzs2.cloudfront.net/games/roona/upload_files/guide/202111/4a28c109-6dcf-4c86-8be4-969fc9bbfa46.png]
[ragnarok-origin.com/GameIntro/GameGuideDetail/15.html]
[d38r36tibovzs2.cloudfront.net/games/roona/upload_files/guide/202111/8d0df78c-91bd-493f-bc3d-a27f9bcada77.png]
[d38r36tibovzs2.cloudfront.net/games/roona/upload_files/guide/202111/3e65b745-d6cc-4457-99d7-e43ba0ac262d.png]
[d38r36tibovzs2.cloudfront.net/games/roona/upload_files/guide/202111/13b19fed-081f-47d4-adc4-93cb6dcc5b64.png]
[d38r36tibovzs2.cloudfront.net/games/roona/upload_files/guide/202111/190927c9-55da-4e2c-a875-b69e4c835d44.png]
[d38r36tibovzs2.cloudfront.net/games/roona/upload_files/guide/202111/e0241776-c9be-424b-a0ae-68e4848102a7.png]
[ragnarok-origin.com/GameIntro/GameGuideDetail/14.html]
[d38r36tibovzs2.cloudfront.net/games/roona/upload_files/guide/202111/cb876457-a482-4c65-b860-039b6fe0cb33.png]
[d38r36tibovzs2.cloudfront.net/games/roona/upload_files/guide/202111/3133a5f0-33a4-47b4-adf5-ac1d95c0489e.png]
[d38r36tibovzs2.cloudfront.net/games/roona/upload_files/guide/202111/b9b8b5e4-7a65-47bf-bd4a-0e5fc084943d.png]
[ragnarok-origin.com/GameIntro/GameGuideDetail/13.html]
[d38r36tibovzs2.cloudfront.net/games/roona/upload_files/guide/202111/6de70a60-745f-4f24-869b-60ed8b643f9f.png]
[d38r36tibovzs2.cloudfront.net/games/roona/upload_files/guide/202111/8e4eca4d-2084-40ac-a6b2-0c1c50628ff5.png]
[d38r36tibovzs2.cloudfront.net/games/roona/upload_files/guide/202111/f1f59c6b-2f6a-45d3-a890-11f16aa3cb82.png]
[d38r36tibovzs2.cloudfront.net/games/roona/upload_files/guide/202111/6cb75a16-7726-440f-884a-07d763cf8152.png]
[ragnarok-origin.com/GameIntro/GameGuideDetail/12.html]
[d38r36tibovzs2.cloudfront.net/games/roona/upload_files/guide/202111/d0233f1d-a81a-4399-8f04-2f988336a45c.png]
[d38r36tibovzs2.cloudfront.net/games/roona/upload_files/guide/202111/c296303f-6a2c-4a88-bc8d-efce0a887023.png]
[d38r36tibovzs2.cloudfront.net/games/roona/upload_files/guide/202111/489b59af-bd14-462b-adec-72ee9a74b0b5.png]
[d38r36tibovzs2.cloudfront.net/games/roona/upload_files/guide/202111/c8ca520c-4505-46bc-9f12-858d7ec0ef83.png]
[d38r36tibovzs2.cloudfront.net/games/roona/upload_files/guide/202111/140b30d6-732d-40d7-aaa6-c9a0ec9f5851.png]
[ragnarok-origin.com/GameIntro/GameGuideDetail/11.html]
[d38r36tibovzs2.cloudfront.net/games/roona/upload_files/guide/202111/c485e83c-15af-4524-9d99-72c41c928dd3.png]
[d38r36tibovzs2.cloudfront.net/games/roona/upload_files/guide/202111/cbdc135a-3468-4ad3-8db0-0566a580a9e9.png]
[d38r36tibovzs2.cloudfront.net/games/roona/upload_files/guide/202111/b2e3dc71-f9cd-4a98-9f13-e90791a9070d.png]
[ragnarok-origin.com/GameIntro/GameGuideDetail/10.html]
[d38r36tibovzs2.cloudfront.net/games/roona/upload_files/guide/202111/0e64027f-d17b-4e38-af91-717d71be4043.png]
[d38r36tibovzs2.cloudfront.net/games/roona/upload_files/guide/202111/dcd20b8a-d3be-4517-b6d4-281b75f7e78a.png]
[d38r36tibovzs2.cloudfront.net/games/roona/upload_files/guide/202111/dfbe3a8a-1e40-44df-9505-b8262fbcbf60.png]
[d38r36tibovzs2.cloudfront.net/games/roona/upload_files/guide/202111/d71c223a-e402-4568-b457-66e7294a2bdd.png]
[d38r36tibovzs2.cloudfront.net/games/roona/upload_files/guide/202111/50e4db6e-1191-4648-97e5-555d83eb2eea.png]
[d38r36tibovzs2.cloudfront.net/games/roona/upload_files/guide/202111/56838262-e3b5-4e49-8933-2e96940cc478.png]
[d38r36tibovzs2.cloudfront.net/games/roona/upload_files/guide/202111/26f3fcc4-763f-42ad-bd30-44f9e58fbe57.png]
[d38r36tibovzs2.cloudfront.net/games/roona/upload_files/guide/202111/3ff93b2d-919d-4e15-b71e-cb5d923c71e0.png]
[d38r36tibovzs2.cloudfront.net/games/roona/upload_files/guide/202111/9f2b578f-71bc-4f2c-a7a5-9af78cb4cf1f.png]
[d38r36tibovzs2.cloudfront.net/games/roona/upload_files/guide/202111/174327bf-c85c-4def-83ce-0c22fc88a2f7.png]
[d38r36tibovzs2.cloudfront.net/games/roona/upload_files/guide/202111/4794d0b2-0448-4b13-8c06-31ea74c526d1.png]
[d38r36tibovzs2.cloudfront.net/games/roona/upload_files/guide/202111/3d3a8dbc-9c92-4076-a95e-9417ea54b95a.png]
[d38r36tibovzs2.cloudfront.net/games/roona/upload_files/guide/202111/bd253b87-27f5-4513-9493-0c554fdfb54c.png]
[d38r36tibovzs2.cloudfront.net/games/roona/upload_files/guide/202111/c4e82c08-bdcc-465f-8702-103893a6e143.png]
[d38r36tibovzs2.cloudfront.net/games/roona/upload_files/guide/202111/3bc0929d-5102-4924-ac0b-e415fddda817.png]
[d38r36tibovzs2.cloudfront.net/games/roona/upload_files/guide/202111/5e9e79f1-fca0-44d3-86da-365fcdf3d356.png]
[d38r36tibovzs2.cloudfront.net/games/roona/upload_files/guide/202111/b909e917-6058-4afd-8329-e986ef9ad19e.png]
[d38r36tibovzs2.cloudfront.net/games/roona/upload_files/guide/202111/5952772b-5636-4676-b4db-9996b7e1d3a5.png]
[d38r36tibovzs2.cloudfront.net/games/roona/upload_files/guide/202111/9fbba7d4-7343-440a-aa9b-7f80e37f70cd.png]
[d38r36tibovzs2.cloudfront.net/games/roona/upload_files/guide/202111/9386887f-6bb8-4009-a3a8-d60c792394bd.png]
[ragnarok-origin.com/GameIntro/GameGuideDetail/9.html]
[d38r36tibovzs2.cloudfront.net/games/roona/upload_files/guide/202111/e66bce15-83b9-42b4-8915-85247360340e.png]
[d38r36tibovzs2.cloudfront.net/games/roona/upload_files/guide/202111/735a329c-bfcf-4c5f-95bb-4360c34a6fe7.png]
[d38r36tibovzs2.cloudfront.net/games/roona/upload_files/guide/202111/a0484c2e-06c0-44d6-b645-0a88fac958d0.png]
[d38r36tibovzs2.cloudfront.net/games/roona/upload_files/guide/202111/cf46a1f9-85e1-4ae2-a83e-6d491ca83969.png]
[d38r36tibovzs2.cloudfront.net/games/roona/upload_files/guide/202111/c01625ce-382c-4a62-8efb-9a2488ed5429.png]
[d38r36tibovzs2.cloudfront.net/games/roona/upload_files/guide/202111/4b5434e4-5cd6-4227-8f07-ba62edee4b75.png]
[d38r36tibovzs2.cloudfront.net/games/roona/upload_files/guide/202111/f86d882b-14c0-47b8-9580-19e2b59d88a5.png]
[d38r36tibovzs2.cloudfront.net/games/roona/upload_files/guide/202111/f8af3747-f7b2-4957-bb7c-0daedb833a75.png]
[ragnarok-origin.com/GameIntro/GameGuideDetail/8.html]
[d38r36tibovzs2.cloudfront.net/games/roona/upload_files/guide/202111/2ffc330b-1ad0-4a20-be7b-9ccca0900a2b.png]
[d38r36tibovzs2.cloudfront.net/games/roona/upload_files/guide/202111/7a476798-6012-4890-9ad5-f3e2fbcf8ac0.png]
[d38r36tibovzs2.cloudfront.net/games/roona/upload_files/guide/202111/7b8d5231-8c99-4ad7-8ae3-2dca9dcd08ef.png]
[d38r36tibovzs2.cloudfront.net/games/roona/upload_files/guide/202111/243f60af-ec34-431b-9bc6-1ba25895e040.png]
[ragnarok-origin.com/GameIntro/GameGuideDetail/7.html]
[d38r36tibovzs2.cloudfront.net/games/roona/upload_files/guide/202111/ebc593b3-1c5e-4152-8852-f50b9a61eca8.png]
[d38r36tibovzs2.cloudfront.net/games/roona/upload_files/guide/202111/8e2ff5fe-48bf-4356-97de-165d04223b60.png]
[d38r36tibovzs2.cloudfront.net/games/roona/upload_files/guide/202111/bda93f89-a1c1-47da-944d-fcaa2a7c2534.png]
[d38r36tibovzs2.cloudfront.net/games/roona/upload_files/guide/202111/a744e736-1c0f-4d34-957e-f56edf9cb78e.png]
[d38r36tibovzs2.cloudfront.net/games/roona/upload_files/guide/202111/9381099a-8528-47f3-92e5-6aea7c76dea2.png]
[d38r36tibovzs2.cloudfront.net/games/roona/upload_files/guide/202111/1302c3f9-1bcf-4e5a-8f94-b7e28e7b5dc6.png]
[d38r36tibovzs2.cloudfront.net/games/roona/upload_files/guide/202111/4f7a6e13-5597-4290-84a7-eeedffb2d120.png]
[d38r36tibovzs2.cloudfront.net/games/roona/upload_files/guide/202111/e7550299-c583-4051-a57c-afe63018dde6.png]
[d38r36tibovzs2.cloudfront.net/games/roona/upload_files/guide/202111/bc6573e2-3e02-4e86-ace4-5f0454bea880.png]
[d38r36tibovzs2.cloudfront.net/games/roona/upload_files/guide/202111/533170f2-f7e2-40e8-b892-5a0d407ec27e.png]
[d38r36tibovzs2.cloudfront.net/games/roona/upload_files/guide/202111/1abdc4cf-3350-492d-90a0-4f8581ff9b35.png]
[d38r36tibovzs2.cloudfront.net/games/roona/upload_files/guide/202111/4296dc11-6772-4d90-b3cb-452114c58b0d.png]
[ragnarok-origin.com/GameIntro/GameGuideDetail/6.html]
[d38r36tibovzs2.cloudfront.net/games/roona/upload_files/guide/202111/c3d4cf48-a37d-4768-b5c7-7ae1c7f5fdb5.png]
[d38r36tibovzs2.cloudfront.net/games/roona/upload_files/guide/202111/e55e3c33-35cf-4b94-a211-38fab90e1445.png]
[d38r36tibovzs2.cloudfront.net/games/roona/upload_files/guide/202111/bfcd6d41-23fe-4b43-a939-404f77a2f44e.png]
[d38r36tibovzs2.cloudfront.net/games/roona/upload_files/guide/202111/e0125275-77c7-45e0-a7ac-0eef82ec9547.png]
[d38r36tibovzs2.cloudfront.net/games/roona/upload_files/guide/202111/561d451d-813d-4560-aeab-a22a85c8e66c.png]
[d38r36tibovzs2.cloudfront.net/games/roona/upload_files/guide/202111/bc55fb16-90c1-44ac-b836-82610b4be2fc.png]
[ragnarok-origin.com/GameIntro/GameGuideDetail/5.html]
[d38r36tibovzs2.cloudfront.net/games/roona/upload_files/guide/202111/47bcd249-6254-4fc5-8783-4e5342e76106.png]
[d38r36tibovzs2.cloudfront.net/games/roona/upload_files/guide/202111/acb5e45a-01cb-4092-a5d0-341d8bc13f2b.png]
[d38r36tibovzs2.cloudfront.net/games/roona/upload_files/guide/202111/f3fedba3-def2-4153-95fc-704d70387268.png]
[d38r36tibovzs2.cloudfront.net/games/roona/upload_files/guide/202111/28719dcb-a328-45ea-8a86-6021c210c096.png]
[d38r36tibovzs2.cloudfront.net/games/roona/upload_files/guide/202111/ce1c593d-88ee-41e3-84ed-5850fbc7eb02.png]
[d38r36tibovzs2.cloudfront.net/games/roona/upload_files/guide/202111/6ea84a6d-e02f-447e-aa8a-0a2d4707cefe.png]
[d38r36tibovzs2.cloudfront.net/games/roona/upload_files/guide/202111/b8fad0af-d619-4c34-ac43-a5c6281512b3.png]
[d38r36tibovzs2.cloudfront.net/games/roona/upload_files/guide/202111/92df1bf6-cf96-49df-827e-2fb82e3e800f.png]
[d38r36tibovzs2.cloudfront.net/games/roona/upload_files/guide/202111/8fa7f3dd-15a3-4fc6-b145-2ba351c8d6c1.png]
[d38r36tibovzs2.cloudfront.net/games/roona/upload_files/guide/202111/46f82053-f511-4ce6-9869-3084e6e629b2.png]
[d38r36tibovzs2.cloudfront.net/games/roona/upload_files/guide/202111/cdd8571e-72b4-4c64-a5f4-9c67a62d39fa.png]
[d38r36tibovzs2.cloudfront.net/games/roona/upload_files/guide/202111/4996ad7c-d9be-483b-b559-22057ca3889a.png]
[d38r36tibovzs2.cloudfront.net/games/roona/upload_files/guide/202111/cf1f9a96-c631-40ef-b53e-12e29779bfd8.png]
[d38r36tibovzs2.cloudfront.net/games/roona/upload_files/guide/202111/7092e8d0-78fc-45cb-ac37-d55415098754.png]
[d38r36tibovzs2.cloudfront.net/games/roona/upload_files/guide/202111/96feaf5b-7bba-479a-9844-f32cedb96be4.png]
[d38r36tibovzs2.cloudfront.net/games/roona/upload_files/guide/202111/a6fb881c-7b5f-4dac-b78f-79f81f8aea09.png]
[d38r36tibovzs2.cloudfront.net/games/roona/upload_files/guide/202111/0fcf84f7-5d70-400d-841d-e2a3d0834e41.png]
[d38r36tibovzs2.cloudfront.net/games/roona/upload_files/guide/202111/9b0a8f18-77eb-4b8d-acd3-e680e2464d78.png]
[d38r36tibovzs2.cloudfront.net/games/roona/upload_files/guide/202111/97ec9217-fdf3-4a65-8984-5ec3f3d918f4.png]
[d38r36tibovzs2.cloudfront.net/games/roona/upload_files/guide/202111/124c2c5c-57f4-4cab-88ee-53820da4f302.png]
[ragnarok-origin.com/GameIntro/GameGuideDetail/4.html]
[d38r36tibovzs2.cloudfront.net/games/roona/upload_files/guide/202111/7bceb102-0381-419a-ad84-a1aaf8d64c12.png]
[d38r36tibovzs2.cloudfront.net/games/roona/upload_files/guide/202111/ad181ee7-b657-4313-bd49-6bdcf6806db3.png]
[d38r36tibovzs2.cloudfront.net/games/roona/upload_files/guide/202111/6a8f5f98-fa96-4a04-aca8-8ef837971ab3.png]
[d38r36tibovzs2.cloudfront.net/games/roona/upload_files/guide/202111/00bed2f1-0736-430b-b6db-7a33669956d0.png]
[d38r36tibovzs2.cloudfront.net/games/roona/upload_files/guide/202111/d2371040-7b29-4583-8fad-0b68a5a59254.png]
[d38r36tibovzs2.cloudfront.net/games/roona/upload_files/guide/202111/3ae6471b-62f5-4c51-aa6d-085a7b4e95bb.png]
[d38r36tibovzs2.cloudfront.net/games/roona/upload_files/guide/202111/0d4447ab-b37b-40f9-95f3-d9f668b77668.png]
[d38r36tibovzs2.cloudfront.net/games/roona/upload_files/guide/202111/57324ab6-79fb-4fcd-a703-086418430a5a.png]
[d38r36tibovzs2.cloudfront.net/games/roona/upload_files/guide/202111/1643c9cb-ee52-4ef0-996e-6103584d7031.png]
[d38r36tibovzs2.cloudfront.net/games/roona/upload_files/guide/202111/61b8a4aa-3ad5-4749-bff5-f8cb613693b1.png]
[d38r36tibovzs2.cloudfront.net/games/roona/upload_files/guide/202111/fcd05f36-60ee-4092-80f8-f5e90503cd97.png]
[d38r36tibovzs2.cloudfront.net/games/roona/upload_files/guide/202111/fcee5336-1d8a-4bc3-b3f6-ecb53b504b8b.png]
[d38r36tibovzs2.cloudfront.net/games/roona/upload_files/guide/202111/4f7645c9-c6e9-4285-9d00-78746dcc05b2.png]
[ragnarok-origin.com/GameIntro/GameGuideDetail/3.html]
[d38r36tibovzs2.cloudfront.net/games/roona/upload_files/guide/202111/c483ec56-d9a4-4bb2-b69a-f758e1f6f86b.png]
[d38r36tibovzs2.cloudfront.net/games/roona/upload_files/guide/202111/ab4ee298-a8a0-4e7a-b759-9d10e1da46d5.png]
[d38r36tibovzs2.cloudfront.net/games/roona/upload_files/guide/202111/fc801433-98e8-4790-aed0-8bf3d11e2916.png]
[d38r36tibovzs2.cloudfront.net/games/roona/upload_files/guide/202111/e3f48152-ffde-48b7-9c10-5c8fd1f9dc8b.png]
[d38r36tibovzs2.cloudfront.net/games/roona/upload_files/guide/202111/42e6eabf-9945-47d0-9138-f9f5fae45125.png]
[d38r36tibovzs2.cloudfront.net/games/roona/upload_files/guide/202111/1535ca2b-45f4-47e8-8bf7-5f667f13efc0.png]
[d38r36tibovzs2.cloudfront.net/games/roona/upload_files/guide/202111/2ebb7fa5-46a0-401e-90b0-5b39295ae1a2.png]
[d38r36tibovzs2.cloudfront.net/games/roona/upload_files/guide/202111/235126d2-1b62-4915-bfc1-15d2bd2371bf.png]
[d38r36tibovzs2.cloudfront.net/games/roona/upload_files/guide/202111/8db49d64-3521-43c0-80eb-9a2896f96645.png]
[d38r36tibovzs2.cloudfront.net/games/roona/upload_files/guide/202111/d783c520-ce5b-42eb-938e-0e4720de1409.png]
[d38r36tibovzs2.cloudfront.net/games/roona/upload_files/guide/202111/6faf83e1-5b0a-470c-9d1d-f9b944afec62.png]
[d38r36tibovzs2.cloudfront.net/games/roona/upload_files/guide/202111/1b767c44-5294-4d86-9b6b-50d7a0f9081f.png]
[d38r36tibovzs2.cloudfront.net/games/roona/upload_files/guide/202111/863a3af7-13d3-46be-9e65-d785be727123.png]
[ragnarok-origin.com/GameIntro/GameGuideDetail/2.html]
[d38r36tibovzs2.cloudfront.net/games/roona/upload_files/guide/202111/c393a57f-1f0b-44ce-b2bd-50d30946f39f.png]
[d38r36tibovzs2.cloudfront.net/games/roona/upload_files/guide/202111/2a4b3dda-21ac-4004-aa61-396bf805c522.png]
[d38r36tibovzs2.cloudfront.net/games/roona/upload_files/guide/202111/bdca7944-47d3-4cf7-96c1-ce7bc08b9345.png]
[d38r36tibovzs2.cloudfront.net/games/roona/upload_files/guide/202111/54dcd9d7-793c-4e92-a2cf-db08824cd20a.png]
[d38r36tibovzs2.cloudfront.net/games/roona/upload_files/guide/202111/c0192b63-6ab0-4369-8827-32c892a7519b.png]
[d38r36tibovzs2.cloudfront.net/games/roona/upload_files/guide/202111/a514f421-e418-47e2-bbad-4c610514fa06.png]
[d38r36tibovzs2.cloudfront.net/games/roona/upload_files/guide/202111/d4f5b590-29cb-4bd2-bd8e-be8f9c9b3b0c.png]
[d38r36tibovzs2.cloudfront.net/games/roona/upload_files/guide/202111/222f6cb3-ca7d-48d4-beed-ab9725d0146c.png]
[d38r36tibovzs2.cloudfront.net/games/roona/upload_files/guide/202111/862a2290-3c3a-462a-bca5-c6db0eae53a7.png]
[d38r36tibovzs2.cloudfront.net/games/roona/upload_files/guide/202111/2a228eb1-8b90-41c2-857f-c07c5fcbb5b6.png]
[d38r36tibovzs2.cloudfront.net/games/roona/upload_files/guide/202111/bb6a56b6-ff51-4bb2-b58e-34cde10e1cab.png]
[ragnarok-origin.com/GameIntro/GameGuideDetail/1.html]
[ragnarok-origin.com/News/UpdateDetail/107ce0.html]
[ragnarok-origin.com/News/UpdateDetail/97ce0.html]
[ragnarok-origin.com/News/UpdateDetail/87ce0.html]
[ragnarok-origin.com/News/UpdateDetail/77ce0.html]
[ragnarok-origin.com/News/UpdateDetail/67ce0.html]
[ragnarok-origin.com/News/UpdateDetail/57ce0.html]
[ragnarok-origin.com/News/UpdateDetail/37ce0.html]
[ragnarok-origin.com/News/UpdateDetail/27ce0.html]
[d38r36tibovzs2.cloudfront.net/games/roona/20220524ZFCK/web/css/mCSB_buttons.png]
[d38r36tibovzs2.cloudfront.net/games/roona/upload_files/guide/202111/ce3ec0a8-9142-459a-9d94-92ad01ffd2e6.png]
